// Jest Snapshot v1, https://goo.gl/fbAQLP

exports[`<Header /> component should render correctly 1`] = `
<nav
  className="navbar"
>
  <div
    className="nav-wrapper nav-header"
  >
    <h2
      className="brand-logo"
      onClick={[MockFunction]}
    >
       My Movies App 
    </h2>
  </div>
</nav>
`;
